#runtest: using temp file hyp8fHMC.raw
##loading: /home/josborn/lqcd/install/qhmc-git/lua/Init.lua
##loading: /home/josborn/lqcd/install/qhmc-git/lua/pl/class.lua
##runtest: using temp file hyp8fHMC.tmp
##loading: /home/josborn/lqcd/install/qhmc-git/lua/bsm.lua
##loading: /home/josborn/lqcd/install/qhmc-git/lua/common.lua
##loading: /home/josborn/lqcd/install/qhmc-git/lua/run.lua
##loading: /home/josborn/lqcd/install/qhmc-git/lua/gaugeact.lua
##loading: /home/josborn/lqcd/install/qhmc-git/lua/topo.lua
##loading: /home/josborn/lqcd/install/qhmc-git/lua/Util.lua
##loading: /home/josborn/lqcd/install/qhmc-git/lua/asqtadact.lua
##loading: /home/josborn/lqcd/install/qhmc-git/lua/smear.lua
##loading: /home/josborn/lqcd/install/qhmc-git/lua/staggeredObservables.lua
##loading: /home/josborn/lqcd/install/qhmc-git/lua/hisqact.lua
##loading: /home/josborn/lqcd/install/qhmc-git/lua/wilsonact.lua
##loading: /home/josborn/lqcd/install/qhmc-git/lua/wilson2fact.lua
##loading: /home/josborn/lqcd/install/qhmc-git/lua/cgms2.lua
##loading: /home/josborn/lqcd/install/qhmc-git/lua/fields.lua
##loading: /home/josborn/lqcd/install/qhmc-git/lua/hmc.lua
Setting pseudo: i=mass j=species -> 1.0000	1.0000	0.1000	0.2000
Setting pseudo: i=mass j=species -> 1.0000	2.0000	0.1000	0.2000
Setting pseudo: i=mass j=species -> 2.0000	1.0000	0.2000
Setting pseudo: i=mass j=species -> 2.0000	2.0000	0.2000
#Number of pseudo: 4
#smear = {
#  1 = {
#    alpha = { 0.4, 0.5, 0.5 }
#    type = hyp
#  }
#}
#latsize = 4 4 4 8
#seed = 3190
#beta = 6
#u0 = 1
#nf = 8
#ndim = 4
#numsites = 512
#len = 4 4 4 8
#nsquares = 1 1 1 1
#gauge coeffs: {
#  adjplaq = -0.25
#  pgm = 0
#  plaq = 1
#  rect = 0
#}
#asqtad_coeffs = {
#  five_staple = 0
#  lepage = 0
#  naik = 0
#  one_link = 1
#  seven_staple = 0
#  three_staple = 0
#}
#warmstart = 0
#fp = {
#  1 = {
#    1 = {
#      intalg = {
#        lambda = 0.2
#        type = 2MNV
#      }
#      nsteps = 100
#    }
#    2 = {
#      intalg = {
#        lambda = 0.2
#        type = 2MNV
#      }
#      nsteps = 20
#    }
#    3 = {
#      intalg = {
#        lambda = 0.2
#        type = 2MNV
#      }
#      nsteps = 20
#    }
#    4 = {
#      intalg = {
#        lambda = 0.2
#        type = 2MNV
#      }
#      nsteps = 20
#    }
#    5 = {
#      intalg = {
#        lambda = 0.2
#        type = 2MNV
#      }
#      nsteps = 20
#    }
#  }
#}
#rhmc1 = {
#  1 = {
#    FA = {
#      resid = 1e-08
#      solveopts = {
#        mixed_rsq = 0
#        prec = 2
#        restart = 2000
#      }
#    }
#    GR = {
#      1 = {
#        resid = 1e-08
#        solveopts = {
#          mixed_rsq = 0
#          prec = 2
#          restart = 2000
#        }
#      }
#    }
#    MD = {
#      ffprec = 2
#      resid = 1e-06
#      solveopts = {
#        mixed_rsq = 0
#        prec = 2
#        restart = 2000
#        use_prev_soln = 1
#      }
#    }
#  }
#  2 = {
#    FA = {
#      resid = 1e-08
#      solveopts = {
#        mixed_rsq = 0
#        prec = 2
#        restart = 2000
#      }
#    }
#    GR = {
#      1 = {
#        resid = 1e-08
#        solveopts = {
#          mixed_rsq = 0
#          prec = 2
#          restart = 2000
#        }
#      }
#    }
#    MD = {
#      ffprec = 2
#      resid = 1e-06
#      solveopts = {
#        mixed_rsq = 0
#        prec = 2
#        restart = 2000
#        use_prev_soln = 1
#      }
#    }
#  }
#  3 = {
#    FA = {
#      resid = 1e-08
#      solveopts = {
#        mixed_rsq = 0
#        prec = 2
#        restart = 2000
#      }
#    }
#    GR = {
#      1 = {
#        resid = 1e-08
#        solveopts = {
#          mixed_rsq = 0
#          prec = 2
#          restart = 2000
#        }
#      }
#    }
#    MD = {
#      ffprec = 2
#      resid = 1e-07
#      solveopts = {
#        mixed_rsq = 0
#        prec = 2
#        restart = 2000
#        use_prev_soln = 1
#      }
#    }
#  }
#  4 = {
#    FA = {
#      resid = 1e-08
#      solveopts = {
#        mixed_rsq = 0
#        prec = 2
#        restart = 2000
#      }
#    }
#    GR = {
#      1 = {
#        resid = 1e-08
#        solveopts = {
#          mixed_rsq = 0
#          prec = 2
#          restart = 2000
#        }
#      }
#    }
#    MD = {
#      ffprec = 2
#      resid = 1e-07
#      solveopts = {
#        mixed_rsq = 0
#        prec = 2
#        restart = 2000
#        use_prev_soln = 1
#      }
#    }
#  }
#}
#rhmc = {
#  1 = {
#    FA = {
#      cgnum = 3
#      masses = { 0.1 }
#      pt = { userdata: 0x1a2ad18 }
#      resid = 1e-08
#      solveopts = {
#        mixed_rsq = 0
#        prec = 2
#        restart = 2000
#      }
#      1 = {
#        coeffs = { 1 }
#        pt0 = { userdata: 0x1a32958 }
#        qt = userdata: 0x1a32098
#        1 = { 1 }
#      }
#      2 = {
#        allfaceven = 0.2
#        allfacodd = 1
#        allmass = 0.1
#        coeffs = { 1.7320508075689 }
#        pt0 = { userdata: 0x1a2ad18 }
#        qt = userdata: 0x1a38b38
#        qt2 = userdata: 0x1a146a8
#        1 = { 0.34641016151378, 0.04 }
#      }
#    }
#    GR = {
#      coeffs = { 5 }
#      pt0 = { userdata: 0x1a38b38 }
#      1 = {
#        allfaceven = -0.2
#        allfacodd = 1
#        allmass = -0.1
#        allmass2 = -0.2
#        cgnum = 1
#        masses = { 0.2 }
#        pt = { userdata: 0x1a38b38 }
#        qt = userdata: 0x1a146a8
#        qt2 = userdata: 0x1a32098
#        resid = 1e-08
#        solveopts = {
#          mixed_rsq = 0
#          prec = 2
#          restart = 2000
#        }
#        1 = { 2, 0.16 }
#      }
#    }
#    MD = {
#      cgnum = 7
#      coeffs = { 1.5 }
#      ff = {
#        a = {
#          GFflops = 0
#          GFmax = 0
#          GFn = 0
#          GFnorm2 = 0
#          GFtime = 0
#          GUn = 0
#          GUtime = 0
#          act0 = 2304
#          beta = 6
#          coeffs = {
#            adjplaq = -0.25
#            pgm = 0
#            plaq = 1
#            rect = 0
#          }
#          g2 = {
#            a = <loop>
#            g = userdata: 0x19f44d8
#            nupdate = 0
#          }
#          gf = {
#            a = <loop>
#            f = userdata: 0x1a11588
#          }
#          latsize = { 4, 4, 4, 8 }
#          params = {
#            adjFac = -0.25
#            type = plaquette_adjoint
#          }
#          vol = 512
#          xi0 = 1
#        }
#        f = userdata: 0x1a53558
#      }
#      ffprec = 2
#      masses = { 0.1 }
#      pt = { userdata: 0x1a32098 }
#      resid = 1e-06
#      solveopts = {
#        mixed_rsq = 0
#        prec = 2
#        restart = 2000
#        use_prev_soln = 1
#      }
#      1 = { 0.12, 0.04 }
#    }
#  }
#  2 = {
#    FA = {
#      cgnum = 4
#      masses = { 0.1 }
#      pt = { userdata: 0x1a23148 }
#      resid = 1e-08
#      solveopts = {
#        mixed_rsq = 0
#        prec = 2
#        restart = 2000
#      }
#      1 = {
#        coeffs = { 1 }
#        pt0 = { userdata: 0x1a330b8 }
#        qt = userdata: 0x1a2aeb8
#        1 = { 1 }
#      }
#      2 = {
#        allfaceven = 0.2
#        allfacodd = 1
#        allmass = 0.1
#        coeffs = { 1.7320508075689 }
#        pt0 = { userdata: 0x1a23148 }
#        qt = userdata: 0x1a2ae68
#        qt2 = userdata: 0x1a2b058
#        1 = { 0.34641016151378, 0.04 }
#      }
#    }
#    GR = {
#      coeffs = { 5 }
#      pt0 = { userdata: 0x1a2b058 }
#      1 = {
#        allfaceven = -0.2
#        allfacodd = 1
#        allmass = -0.1
#        allmass2 = -0.2
#        cgnum = 2
#        masses = { 0.2 }
#        pt = { userdata: 0x1a2b058 }
#        qt = userdata: 0x1a2aeb8
#        qt2 = userdata: 0x1a2ad18
#        resid = 1e-08
#        solveopts = {
#          mixed_rsq = 0
#          prec = 2
#          restart = 2000
#        }
#        1 = { 2, 0.16 }
#      }
#    }
#    MD = {
#      cgnum = 9
#      coeffs = { 1.5 }
#      ff = {
#        a = {
#          GFflops = 0
#          GFmax = 0
#          GFn = 0
#          GFnorm2 = 0
#          GFtime = 0
#          GUn = 0
#          GUtime = 0
#          act0 = 2304
#          beta = 6
#          coeffs = {
#            adjplaq = -0.25
#            pgm = 0
#            plaq = 1
#            rect = 0
#          }
#          g2 = {
#            a = <loop>
#            g = userdata: 0x19f44d8
#            nupdate = 0
#          }
#          gf = {
#            a = <loop>
#            f = userdata: 0x1a11588
#          }
#          latsize = { 4, 4, 4, 8 }
#          params = {
#            adjFac = -0.25
#            type = plaquette_adjoint
#          }
#          vol = 512
#          xi0 = 1
#        }
#        f = userdata: 0x1a53558
#      }
#      ffprec = 2
#      masses = { 0.1 }
#      pt = { userdata: 0x1a146a8 }
#      resid = 1e-06
#      solveopts = {
#        mixed_rsq = 0
#        prec = 2
#        restart = 2000
#        use_prev_soln = 1
#      }
#      1 = { 0.12, 0.04 }
#    }
#  }
#  3 = {
#    FA = {
#      cgnum = 5
#      masses = { 0.2 }
#      pt = { userdata: 0x19cbd58 }
#      resid = 1e-08
#      solveopts = {
#        mixed_rsq = 0
#        prec = 2
#        restart = 2000
#      }
#      1 = {
#        allfaceven = 0.4
#        allfacodd = 1
#        allmass = 0.2
#        coeffs = { 2.5 }
#        pt0 = { userdata: 0x19cbd58 }
#        qt = userdata: 0x19e2628
#        qt2 = userdata: 0x19e23a8
#        1 = { 1, 0.16 }
#      }
#    }
#    GR = {
#      coeffs = { -2 }
#      pt0 = { userdata: 0x1a23148 }
#      1 = {
#        allfaceven = 0.4
#        allfacodd = -1
#        allmass = -0.2
#        qt = userdata: 0x1a23148
#        qt2 = userdata: 0x1a2ae68
#        resid = 1e-08
#        solveopts = {
#          mixed_rsq = 0
#          prec = 2
#          restart = 2000
#        }
#        1 = { 1 }
#      }
#    }
#    MD = {
#      cgnum = 11
#      coeffs = { 3.125 }
#      ff = {
#        a = {
#          GFflops = 0
#          GFmax = 0
#          GFn = 0
#          GFnorm2 = 0
#          GFtime = 0
#          GUn = 0
#          GUtime = 0
#          act0 = 2304
#          beta = 6
#          coeffs = {
#            adjplaq = -0.25
#            pgm = 0
#            plaq = 1
#            rect = 0
#          }
#          g2 = {
#            a = <loop>
#            g = userdata: 0x19f44d8
#            nupdate = 0
#          }
#          gf = {
#            a = <loop>
#            f = userdata: 0x1a11588
#          }
#          latsize = { 4, 4, 4, 8 }
#          params = {
#            adjFac = -0.25
#            type = plaquette_adjoint
#          }
#          vol = 512
#          xi0 = 1
#        }
#        f = userdata: 0x1a53558
#      }
#      ffprec = 2
#      masses = { 0.2 }
#      pt = { userdata: 0x1a38b38 }
#      resid = 1e-07
#      solveopts = {
#        mixed_rsq = 0
#        prec = 2
#        restart = 2000
#        use_prev_soln = 1
#      }
#      1 = { 1, 0.16 }
#    }
#  }
#  4 = {
#    FA = {
#      cgnum = 6
#      masses = { 0.2 }
#      pt = { userdata: 0x19d8c18 }
#      resid = 1e-08
#      solveopts = {
#        mixed_rsq = 0
#        prec = 2
#        restart = 2000
#      }
#      1 = {
#        allfaceven = 0.4
#        allfacodd = 1
#        allmass = 0.2
#        coeffs = { 2.5 }
#        pt0 = { userdata: 0x19d8c18 }
#        qt = userdata: 0x19fc038
#        qt2 = userdata: 0x19cbf68
#        1 = { 1, 0.16 }
#      }
#    }
#    GR = {
#      coeffs = { -2 }
#      pt0 = { userdata: 0x19e2628 }
#      1 = {
#        allfaceven = 0.4
#        allfacodd = -1
#        allmass = -0.2
#        qt = userdata: 0x19e2628
#        qt2 = userdata: 0x19e23a8
#        resid = 1e-08
#        solveopts = {
#          mixed_rsq = 0
#          prec = 2
#          restart = 2000
#        }
#        1 = { 1 }
#      }
#    }
#    MD = {
#      cgnum = 13
#      coeffs = { 3.125 }
#      ff = {
#        a = {
#          GFflops = 0
#          GFmax = 0
#          GFn = 0
#          GFnorm2 = 0
#          GFtime = 0
#          GUn = 0
#          GUtime = 0
#          act0 = 2304
#          beta = 6
#          coeffs = {
#            adjplaq = -0.25
#            pgm = 0
#            plaq = 1
#            rect = 0
#          }
#          g2 = {
#            a = <loop>
#            g = userdata: 0x19f44d8
#            nupdate = 0
#          }
#          gf = {
#            a = <loop>
#            f = userdata: 0x1a11588
#          }
#          latsize = { 4, 4, 4, 8 }
#          params = {
#            adjFac = -0.25
#            type = plaquette_adjoint
#          }
#          vol = 512
#          xi0 = 1
#        }
#        f = userdata: 0x1a53558
#      }
#      ffprec = 2
#      masses = { 0.2 }
#      pt = { userdata: 0x1a2ad18 }
#      resid = 1e-07
#      solveopts = {
#        mixed_rsq = 0
#        prec = 2
#        restart = 2000
#        use_prev_soln = 1
#      }
#      1 = { 1, 0.16 }
#    }
#  }
#}
plaq ss: 1  st: 1  tot: 1
Sgq:              0  Sgp:            -8.0693  Sfq:          3062.8033
Sgq:          2326.1862  Sgp:         -2189.3657  Sfq:          2917.9891
Sold:          3054.7340  Snew:          3054.8097
Sgq:              0  Sgp:            -8.0693  Sfq:          3062.8033
Sold:          3054.7340 Srev:          3054.7340 dS:             0
ACCEPT deltaS = 0.07568  p = 0.92711  r =  0
#unitarity deviation avg: 1.04436e-15  max: 3.13092e-15
#new unitarity deviation avg: 1.13512e-16  max: 2.58427e-16
#traj 1 secs: 3.52309
#GF     secs:    0.453  13% calls:  202 mflops:  2658 rms: 0.0475 max: 0.1303
#GU     secs:    0.056   2% calls:  200
#LL     secs:    0.380  11% calls:   41 mflops:     0
#FF[01] secs:    1.998  57% calls:   42 mflops:    17 rms: 0.0610 max: 0.2575
#FF[02] secs:    0.000   0% calls:    0 mflops:     0 rms: 0.0000 max: 0.0000
#FF[03] secs:    0.000   0% calls:    0 mflops:     0 rms: 0.0000 max: 0.0000
#FF[04] secs:    0.000   0% calls:    0 mflops:     0 rms: 0.0000 max: 0.0000
#FFtot  secs:    1.998  57% calls:   42 mflops:    17
#CG[01] secs:    0.002   0% calls:    1 mflops:  3535 avgits:    18 max:    18 maxres: 9.78401e-09
#CG[02] secs:    0.001   0% calls:    1 mflops:  5036 avgits:    18 max:    18 maxres: 9.7391e-09
#CG[03] secs:    0.050   1% calls:    3 mflops:   991 avgits:    53 max:   117 maxres: 9.75474e-09
#CG[04] secs:    0.008   0% calls:    3 mflops:  6486 avgits:    53 max:   117 maxres: 9.8917e-09
#CG[05] secs:    0.022   1% calls:    3 mflops:  1641 avgits:    39 max:    80 maxres: 8.98241e-09
#CG[06] secs:    0.006   0% calls:    3 mflops:  6153 avgits:    40 max:    82 maxres: 9.52572e-09
#CG[07] secs:    0.110   3% calls:   42 mflops:  5727 avgits:    48 max:    78 maxres: 9.99301e-07
#CG[08] secs:    0.000   0% calls:    0 mflops:     0 avgits:     0 max:     0 maxres: 0
#CG[09] secs:    0.112   3% calls:   42 mflops:  5605 avgits:    48 max:    78 maxres: 9.96143e-07
#CG[10] secs:    0.000   0% calls:    0 mflops:     0 avgits:     0 max:     0 maxres: 0
#CG[11] secs:    0.143   4% calls:   42 mflops:  3989 avgits:    44 max:    63 maxres: 9.9339e-08
#CG[12] secs:    0.000   0% calls:    0 mflops:     0 avgits:     0 max:     0 maxres: 0
#CG[13] secs:    0.142   4% calls:   42 mflops:  4044 avgits:    44 max:    65 maxres: 9.96252e-08
#CG[14] secs:    0.000   0% calls:    0 mflops:     0 avgits:     0 max:     0 maxres: 0
#CGtot  secs:    0.596  17% calls:  182 mflops:  4342 avgits:    46 max:   117
#other  secs:    0.039   1%
1,2,3,4  0.0610192    0.257529    
MEASplaq ss: 0.780923  st: 0.775516  tot: 0.77822 
MEASploop: spatial: 0.382067 0.00276265 temporal: 0.178702 0.022603
MEASpbp mass 0.01 : 0.041271
#COULGAUGE: iter = 2, tgfold = 0.714466, tgfnew = 0.788878, tgf_s = 0.788878, tgf_t = 0.000000
#COULGAUGE: iter = 7, tgfold = 0.900609, tgfnew = 0.909274, tgf_s = 0.909274, tgf_t = 0.000000
#COULGAUGE: iter = 13, tgfold = 0.923444, tgfnew = 0.924120, tgf_s = 0.924120, tgf_t = 0.000000
#COULGAUGE: iter = 18, tgfold = 0.925173, tgfnew = 0.925256, tgf_s = 0.925256, tgf_t = 0.000000
#COULGAUGE: iter = 24, tgfold = 0.925397, tgfnew = 0.925404, tgf_s = 0.925404, tgf_t = 0.000000
#COULGAUGE: iter = 30, tgfold = 0.925416, tgfnew = 0.925417, tgf_s = 0.925417, tgf_t = 0.000000
#COULGAUGE: end: iter = 30, tgfold = 0.925417, tgf_s = 0.925417, tgf_t = 0.000000
Start wall source 1.0000 at t=2.0000
Start Color 1.0000
#even_src norm2: 0.5
#End Color.
Start Color 2.0000
#even_src norm2: 0.5
#End Color.
Start Color 3.0000
#even_src norm2: 0.5
#End Color.
#End wall source.
Source 2.0000
#Local Pions
	Pion5		Pion5_4
 0	0.9132	-0.9011
1	1.638	1.636
2	0.4501	-0.4458
3	1.402	1.401
4	0.462	-0.4605
5	1.575	1.573
6	0.4949	-0.4908
7	1.7	1.696
Local Baryon
	Nucleon
 0	5.083e-06
1	0.01995
2	1.095e-06
3	0.01261
4	8.017e-08
5	0.0149
6	-6.631e-07
7	0.01547

Nonlocal Pions + Check
	Pion5	Pion5_4	Pion_i5	Pion_ij
 0	3.582	-1.767	2.974	-2.93
1	6.674	3.332	6.265	6.258
2	1.841	-0.9118	1.417	-1.401
3	5.604	2.799	5.257	5.253
4	1.82	-0.907	1.388	-1.384
5	6.286	3.139	5.785	5.78
6	1.996	-0.9894	1.589	-1.575
7	6.551	3.267	6.03	6.018
Nonlocal Baryons
	Nucleon	Delta
 0	0.0005115	-0.008959
1	0.02008	0.7313
2	-8.222e-05	0.005872
3	0.01285	0.5286
4	-0.0006636	0.001796
5	0.01508	0.5032
6	-0.0001888	-0.01191
7	0.0157	0.5597
MEASplaq_ss 0.94422382
MEASplaq_t even 0.94263671 odd 0.94088427
MEASplaq_x even 0.942706 odd 0.94526648
MEASplaq_y even 0.94045105 odd 0.94327999
MEASplaq_z even 0.94319312 odd 0.94551963
MEASplaq_a even 0.94167554 odd 0.94123364
MEASpbp_all m 0.01 even 0.00618  0 odd 0.006699  0
MEASpbp_1 m 0.01 even 0.2487 -0.0184 odd 0.2048 0.01762
MEASpbp_t m 0.01 even 0.3455 -0.02324 odd 0.1081 0.02246
MEASpbp_x m 0.01 even 0.2749 0.02747 odd 0.2379 -0.005708
MEASpbp_y m 0.01 even 0.2514 0.03703 odd 0.233 -0.05904
MEASpbp_z m 0.01 even 0.2391 -0.073 odd 0.2242 0.05761
MEASpbp_all m 0.02 even 0.0124  0 odd 0.01233  0
MEASpbp_1 m 0.02 even 0.224 -0.03039 odd 0.252 0.02039
MEASpbp_t m 0.02 even 0.326 -0.01668 odd 0.1499 0.006681
MEASpbp_x m 0.02 even 0.279 0.02673 odd 0.3126 0.001462
MEASpbp_y m 0.02 even 0.2467 0.0168 odd 0.2445 -0.03666
MEASpbp_z m 0.02 even 0.2551 -0.01419 odd 0.2474 -0.0143
#measurement time: 1.93682 seconds
#trajectory time: 5.46004 seconds
#total time: 5.46006 seconds
Sgq:          2326.1862  Sgp:            -2.4588  Sfq:          3024.3470
Sgq:          3766.4134  Sgp:         -1314.3600  Sfq:          2896.1639
Sold:          5348.0744  Snew:          5348.2173
Sgq:          2326.1862  Sgp:            -2.4588  Sfq:          3024.3470
Sold:          5348.0744 Srev:          5348.0744 dS:              0
ACCEPT deltaS = 0.14289  p = 0.86685  r = 0.38703
#unitarity deviation avg: 1.00169e-15  max: 2.95265e-15
#new unitarity deviation avg: 1.12791e-16  max: 2.42294e-16
#traj 1 secs: 7.19038
#GF     secs:    0.849  12% calls:  202 mflops:  1418 rms: 0.0533 max: 0.1283
#GU     secs:    0.039   1% calls:  200
#LL     secs:    0.856  12% calls:   40 mflops:     0
#FF[01] secs:    4.551  63% calls:   42 mflops:     7 rms: 0.0663 max: 0.2284
#FF[02] secs:    0.000   0% calls:    0 mflops:     0 rms: 0.0000 max: 0.0000
#FF[03] secs:    0.000   0% calls:    0 mflops:     0 rms: 0.0000 max: 0.0000
#FF[04] secs:    0.000   0% calls:    0 mflops:     0 rms: 0.0000 max: 0.0000
#FFtot  secs:    4.551  63% calls:   42 mflops:     7
#CG[01] secs:    0.003   0% calls:    1 mflops:  6723 avgits:    75 max:    75 maxres: 9.64573e-09
#CG[02] secs:    0.004   0% calls:    1 mflops:  6095 avgits:    75 max:    75 maxres: 8.67052e-09
#CG[03] secs:    0.016   0% calls:    3 mflops:  6841 avgits:   114 max:   116 maxres: 9.64552e-09
#CG[04] secs:    0.017   0% calls:    3 mflops:  6216 avgits:   114 max:   117 maxres: 9.95654e-09
#CG[05] secs:    0.012   0% calls:    3 mflops:  6595 avgits:    82 max:    83 maxres: 9.86882e-09
#CG[06] secs:    0.012   0% calls:    3 mflops:  6398 avgits:    82 max:    82 maxres: 8.98703e-09
#CG[07] secs:    0.228   3% calls:   42 mflops:  3960 avgits:    69 max:    78 maxres: 9.93987e-07
#CG[08] secs:    0.000   0% calls:    0 mflops:     0 avgits:     0 max:     0 maxres: 0
#CG[09] secs:    0.173   2% calls:   42 mflops:  5120 avgits:    68 max:    80 maxres: 9.92938e-07
#CG[10] secs:    0.000   0% calls:    0 mflops:     0 avgits:     0 max:     0 maxres: 0
#CG[11] secs:    0.158   2% calls:   42 mflops:  4716 avgits:    57 max:    66 maxres: 9.90238e-08
#CG[12] secs:    0.000   0% calls:    0 mflops:     0 avgits:     0 max:     0 maxres: 0
#CG[13] secs:    0.180   2% calls:   42 mflops:  4192 avgits:    58 max:    65 maxres: 9.77445e-08
#CG[14] secs:    0.000   0% calls:    0 mflops:     0 avgits:     0 max:     0 maxres: 0
#CGtot  secs:    0.802  11% calls:  182 mflops:  4612 avgits:    65 max:   117
#other  secs:    0.093   1%
1,2,3,4  0.0663206    0.2284      
MEASplaq ss: 0.659142  st: 0.66355   tot: 0.661346
MEASploop: spatial: 0.234847 0.00957087 temporal: 0.171448 0.0252158
MEASpbp mass 0.01 : 0.031332
#COULGAUGE: iter = 3, tgfold = 0.737915, tgfnew = 0.790361, tgf_s = 0.790361, tgf_t = 0.000000
#COULGAUGE: iter = 8, tgfold = 0.869437, tgfnew = 0.875401, tgf_s = 0.875401, tgf_t = 0.000000
#COULGAUGE: iter = 13, tgfold = 0.884481, tgfnew = 0.885170, tgf_s = 0.885170, tgf_t = 0.000000
#COULGAUGE: iter = 18, tgfold = 0.886241, tgfnew = 0.886325, tgf_s = 0.886325, tgf_t = 0.000000
#COULGAUGE: iter = 24, tgfold = 0.886466, tgfnew = 0.886473, tgf_s = 0.886473, tgf_t = 0.000000
#COULGAUGE: iter = 30, tgfold = 0.886485, tgfnew = 0.886486, tgf_s = 0.886486, tgf_t = 0.000000
#COULGAUGE: end: iter = 30, tgfold = 0.886486, tgf_s = 0.886486, tgf_t = 0.000000
Start wall source 1.0000 at t=2.0000
Start Color 1.0000
#even_src norm2: 0.5
#End Color.
Start Color 2.0000
#even_src norm2: 0.5
#End Color.
Start Color 3.0000
#even_src norm2: 0.5
#End Color.
#End wall source.
Source 2.0000
#Local Pions
	Pion5		Pion5_4
 0	1.513	-1.498
1	1.569	1.563
2	0.4826	-0.4778
3	0.9419	0.94
4	0.4512	-0.4489
5	1.105	1.103
6	0.6433	-0.6385
7	1.444	1.438
Local Baryon
	Nucleon
 0	2.966e-06
1	0.009678
2	2.844e-07
3	0.003644
4	1.511e-08
5	0.005179
6	-4.154e-07
7	0.007887

Nonlocal Pions + Check
	Pion5	Pion5_4	Pion_i5	Pion_ij
 0	5.854	-2.9	4.844	-4.798
1	5.831	2.905	5.036	5.022
2	1.804	-0.894	1.273	-1.26
3	3.605	1.799	3.206	3.202
4	1.761	-0.877	1.336	-1.332
5	4.19	2.091	3.748	3.744
6	2.359	-1.171	1.887	-1.874
7	5.58	2.781	4.937	4.923
Nonlocal Baryons
	Nucleon	Delta
 0	0.000564	0.047
1	0.009545	0.4005
2	-0.0001003	0.01547
3	0.003606	0.1572
4	-0.0001538	0.001601
5	0.005112	0.1811
6	-0.001018	-0.007116
7	0.007837	0.3757
MEASplaq_ss 0.91452032
MEASplaq_t even 0.91535637 odd 0.92066069
MEASplaq_x even 0.91631899 odd 0.91733842
MEASplaq_y even 0.911429 odd 0.91635697
MEASplaq_z even 0.91361587 odd 0.91903909
MEASplaq_a even 0.92051387 odd 0.91200601
MEASpbp_all m 0.01 even 0.007122  0 odd 0.005615  0
MEASpbp_1 m 0.01 even 0.2309 0.04013 odd 0.2085 0.01345
MEASpbp_t m 0.01 even 0.2881 -0.005224 odd 0.1513 0.0588
MEASpbp_x m 0.01 even 0.2319 0.01062 odd 0.2654 0.03559
MEASpbp_y m 0.01 even 0.2269 0.03507 odd 0.2846 -0.03643
MEASpbp_z m 0.01 even 0.2352 0.01765 odd 0.1956 -0.03768
MEASpbp_all m 0.02 even 0.01114  0 odd 0.01324  0
MEASpbp_1 m 0.02 even 0.2108 0.03506 odd 0.1837 -0.01614
MEASpbp_t m 0.02 even 0.2645 -0.01429 odd 0.1299 0.0332
MEASpbp_x m 0.02 even 0.1905 -0.01796 odd 0.2376 -0.006171
MEASpbp_y m 0.02 even 0.2316 -0.008925 odd 0.2415 -0.01501
MEASpbp_z m 0.02 even 0.2303 0.03784 odd 0.2216 -0.03655
#measurement time: 0.326517 seconds
#trajectory time: 7.51707 seconds
#total time: 7.5171 seconds
