#runtest: using temp file hyp8fHMC.raw
##loading: /home/osborn/lqcd/install/qhmc-git/hmc/Init.lua
##runtest: using temp file hyp8fHMC.tmp
##loading: /home/osborn/lqcd/install/qhmc-git/hmc/bsm.lua
##loading: /home/osborn/lqcd/install/qhmc-git/hmc/common.lua
##loading: /home/osborn/lqcd/install/qhmc-git/hmc/run.lua
##loading: /home/osborn/lqcd/install/qhmc-git/hmc/gaugeact.lua
##loading: /home/osborn/lqcd/install/qhmc-git/hmc/asqtadact.lua
##loading: /home/osborn/lqcd/install/qhmc-git/hmc/smear.lua
##loading: /home/osborn/lqcd/install/qhmc-git/hmc/staggeredObservables.lua
##loading: /home/osborn/lqcd/install/qhmc-git/hmc/hisqact.lua
##loading: /home/osborn/lqcd/install/qhmc-git/hmc/wilsonact.lua
##loading: /home/osborn/lqcd/install/qhmc-git/hmc/wilson2fact.lua
##loading: /home/osborn/lqcd/install/qhmc-git/hmc/cgms2.lua
##loading: /home/osborn/lqcd/install/qhmc-git/hmc/fields.lua
##loading: /home/osborn/lqcd/install/qhmc-git/hmc/hmc.lua
Setting pseudo: i=mass j=species -> 1.0000	1.0000	0.1000	0.2000
Setting pseudo: i=mass j=species -> 1.0000	2.0000	0.1000	0.2000
Setting pseudo: i=mass j=species -> 2.0000	1.0000	0.2000
Setting pseudo: i=mass j=species -> 2.0000	2.0000	0.2000
#Number of pseudo: 4
#smear = {
#  1 = {
#    alpha = { 0.4, 0.5, 0.5 }
#    type = hyp
#  }
#}
#latsize = 4 4 4 8
#seed = 3190
#beta = 6
#u0 = 1
#nf = 8
#ndim = 4
#numsites = 512
#len = 4 4 4 8
#nsquares = 1 1 1 1
#gauge coeffs: {
#  adjplaq = -0.25
#  pgm = 0
#  plaq = 1
#  rect = 0
#}
#asqtad_coeffs = {
#  five_staple = 0
#  lepage = 0
#  naik = 0
#  one_link = 1
#  seven_staple = 0
#  three_staple = 0
#}
1 1 : nil
1 2 : nil
2 1 : nil
2 2 : nil
3 1 : nil
4 1 : nil
#rhmc1 = {
#  1 = {
#    FA = {
#      resid = 1e-08
#      solveopts = {
#        mixed_rsq = 0
#        prec = 2
#        restart = 2000
#      }
#    }
#    GR = {
#      1 = {
#        resid = 1e-08
#        solveopts = {
#          mixed_rsq = 0
#          prec = 2
#          restart = 2000
#        }
#      }
#    }
#    MD = {
#      ffprec = 2
#      resid = 1e-06
#      solveopts = {
#        mixed_rsq = 0
#        prec = 2
#        restart = 2000
#        use_prev_soln = 1
#      }
#    }
#  }
#  2 = {
#    FA = {
#      resid = 1e-08
#      solveopts = {
#        mixed_rsq = 0
#        prec = 2
#        restart = 2000
#      }
#    }
#    GR = {
#      1 = {
#        resid = 1e-08
#        solveopts = {
#          mixed_rsq = 0
#          prec = 2
#          restart = 2000
#        }
#      }
#    }
#    MD = {
#      ffprec = 2
#      resid = 1e-06
#      solveopts = {
#        mixed_rsq = 0
#        prec = 2
#        restart = 2000
#        use_prev_soln = 1
#      }
#    }
#  }
#  3 = {
#    FA = {
#      resid = 1e-08
#      solveopts = {
#        mixed_rsq = 0
#        prec = 2
#        restart = 2000
#      }
#    }
#    GR = {
#      1 = {
#        resid = 1e-08
#        solveopts = {
#          mixed_rsq = 0
#          prec = 2
#          restart = 2000
#        }
#      }
#    }
#    MD = {
#      ffprec = 2
#      resid = 1e-07
#      solveopts = {
#        mixed_rsq = 0
#        prec = 2
#        restart = 2000
#        use_prev_soln = 1
#      }
#    }
#  }
#  4 = {
#    FA = {
#      resid = 1e-08
#      solveopts = {
#        mixed_rsq = 0
#        prec = 2
#        restart = 2000
#      }
#    }
#    GR = {
#      1 = {
#        resid = 1e-08
#        solveopts = {
#          mixed_rsq = 0
#          prec = 2
#          restart = 2000
#        }
#      }
#    }
#    MD = {
#      ffprec = 2
#      resid = 1e-07
#      solveopts = {
#        mixed_rsq = 0
#        prec = 2
#        restart = 2000
#        use_prev_soln = 1
#      }
#    }
#  }
#}
#rhmc = {
#  1 = {
#    FA = {
#      cgnum = 3
#      masses = { 0.1 }
#      pt = { userdata: 0x1e13398 }
#      resid = 1e-08
#      solveopts = {
#        mixed_rsq = 0
#        prec = 2
#        restart = 2000
#      }
#      1 = {
#        coeffs = { 1 }
#        pt0 = { userdata: 0x1e1fb98 }
#        qt = userdata: 0x1e05bb8
#        1 = { 1 }
#      }
#      2 = {
#        allfaceven = 0.2
#        allfacodd = 1
#        allmass = 0.1
#        coeffs = { 1.7320508075689 }
#        pt0 = { userdata: 0x1e13398 }
#        qt = userdata: 0x1e0e948
#        qt2 = userdata: 0x1ded248
#        1 = { 0.34641016151378, 0.04 }
#      }
#    }
#    GR = {
#      coeffs = { 5 }
#      pt0 = { userdata: 0x1e0e948 }
#      1 = {
#        allfaceven = -0.2
#        allfacodd = 1
#        allmass = -0.1
#        allmass2 = -0.2
#        cgnum = 1
#        masses = { 0.2 }
#        pt = { userdata: 0x1e0e948 }
#        qt = userdata: 0x1ded248
#        qt2 = userdata: 0x1e05bb8
#        resid = 1e-08
#        solveopts = {
#          mixed_rsq = 0
#          prec = 2
#          restart = 2000
#        }
#        1 = { 2, 0.16 }
#      }
#    }
#    MD = {
#      cgnum = 7
#      coeffs = { 1.5 }
#      ff = {
#        a = {
#          GFflops = 0
#          GFmax = 0
#          GFn = 0
#          GFnorm2 = 0
#          GFtime = 0
#          GUn = 0
#          GUtime = 0
#          act0 = 2304
#          beta = 6
#          coeffs = {
#            adjplaq = -0.25
#            pgm = 0
#            plaq = 1
#            rect = 0
#          }
#          gf = {
#            a = <loop>
#            f = userdata: 0x1dc8f48
#          }
#          latsize = { 4, 4, 4, 8 }
#          params = {
#            adjFac = -0.25
#            type = plaquette_adjoint
#          }
#          vol = 512
#          xi0 = 1
#        }
#        f = userdata: 0x1de8458
#      }
#      ffprec = 2
#      masses = { 0.1 }
#      pt = { userdata: 0x1e05bb8 }
#      resid = 1e-06
#      solveopts = {
#        mixed_rsq = 0
#        prec = 2
#        restart = 2000
#        use_prev_soln = 1
#      }
#      1 = { 0.12, 0.04 }
#    }
#  }
#  2 = {
#    FA = {
#      cgnum = 4
#      masses = { 0.1 }
#      pt = { userdata: 0x1e00e98 }
#      resid = 1e-08
#      solveopts = {
#        mixed_rsq = 0
#        prec = 2
#        restart = 2000
#      }
#      1 = {
#        coeffs = { 1 }
#        pt0 = { userdata: 0x1e0f7c8 }
#        qt = userdata: 0x1e05108
#        1 = { 1 }
#      }
#      2 = {
#        allfaceven = 0.2
#        allfacodd = 1
#        allmass = 0.1
#        coeffs = { 1.7320508075689 }
#        pt0 = { userdata: 0x1e00e98 }
#        qt = userdata: 0x1e00e48
#        qt2 = userdata: 0x1e00ee8
#        1 = { 0.34641016151378, 0.04 }
#      }
#    }
#    GR = {
#      coeffs = { 5 }
#      pt0 = { userdata: 0x1e00ee8 }
#      1 = {
#        allfaceven = -0.2
#        allfacodd = 1
#        allmass = -0.1
#        allmass2 = -0.2
#        cgnum = 2
#        masses = { 0.2 }
#        pt = { userdata: 0x1e00ee8 }
#        qt = userdata: 0x1e05108
#        qt2 = userdata: 0x1e13398
#        resid = 1e-08
#        solveopts = {
#          mixed_rsq = 0
#          prec = 2
#          restart = 2000
#        }
#        1 = { 2, 0.16 }
#      }
#    }
#    MD = {
#      cgnum = 8
#      coeffs = { 1.5 }
#      ff = {
#        a = {
#          GFflops = 0
#          GFmax = 0
#          GFn = 0
#          GFnorm2 = 0
#          GFtime = 0
#          GUn = 0
#          GUtime = 0
#          act0 = 2304
#          beta = 6
#          coeffs = {
#            adjplaq = -0.25
#            pgm = 0
#            plaq = 1
#            rect = 0
#          }
#          gf = {
#            a = <loop>
#            f = userdata: 0x1dc8f48
#          }
#          latsize = { 4, 4, 4, 8 }
#          params = {
#            adjFac = -0.25
#            type = plaquette_adjoint
#          }
#          vol = 512
#          xi0 = 1
#        }
#        f = userdata: 0x1de8458
#      }
#      ffprec = 2
#      masses = { 0.1 }
#      pt = { userdata: 0x1ded248 }
#      resid = 1e-06
#      solveopts = {
#        mixed_rsq = 0
#        prec = 2
#        restart = 2000
#        use_prev_soln = 1
#      }
#      1 = { 0.12, 0.04 }
#    }
#  }
#  3 = {
#    FA = {
#      cgnum = 5
#      masses = { 0.2 }
#      pt = { userdata: 0x1df38a8 }
#      resid = 1e-08
#      solveopts = {
#        mixed_rsq = 0
#        prec = 2
#        restart = 2000
#      }
#      1 = {
#        allfaceven = 0.4
#        allfacodd = 1
#        allmass = 0.2
#        coeffs = { 2.5 }
#        pt0 = { userdata: 0x1df38a8 }
#        qt = userdata: 0x1e0edc8
#        qt2 = userdata: 0x1dfd648
#        1 = { 1, 0.16 }
#      }
#    }
#    GR = {
#      coeffs = { -2 }
#      pt0 = { userdata: 0x1e00e98 }
#      1 = {
#        allfaceven = 0.4
#        allfacodd = -1
#        allmass = -0.2
#        qt = userdata: 0x1e00e98
#        qt2 = userdata: 0x1e00e48
#        resid = 1e-08
#        solveopts = {
#          mixed_rsq = 0
#          prec = 2
#          restart = 2000
#        }
#        1 = { 1 }
#      }
#    }
#    MD = {
#      cgnum = 9
#      coeffs = { 3.125 }
#      ff = {
#        a = {
#          GFflops = 0
#          GFmax = 0
#          GFn = 0
#          GFnorm2 = 0
#          GFtime = 0
#          GUn = 0
#          GUtime = 0
#          act0 = 2304
#          beta = 6
#          coeffs = {
#            adjplaq = -0.25
#            pgm = 0
#            plaq = 1
#            rect = 0
#          }
#          gf = {
#            a = <loop>
#            f = userdata: 0x1dc8f48
#          }
#          latsize = { 4, 4, 4, 8 }
#          params = {
#            adjFac = -0.25
#            type = plaquette_adjoint
#          }
#          vol = 512
#          xi0 = 1
#        }
#        f = userdata: 0x1de8458
#      }
#      ffprec = 2
#      masses = { 0.2 }
#      pt = { userdata: 0x1e0e948 }
#      resid = 1e-07
#      solveopts = {
#        mixed_rsq = 0
#        prec = 2
#        restart = 2000
#        use_prev_soln = 1
#      }
#      1 = { 1, 0.16 }
#    }
#  }
#  4 = {
#    FA = {
#      cgnum = 6
#      masses = { 0.2 }
#      pt = { userdata: 0x1df43d8 }
#      resid = 1e-08
#      solveopts = {
#        mixed_rsq = 0
#        prec = 2
#        restart = 2000
#      }
#      1 = {
#        allfaceven = 0.4
#        allfacodd = 1
#        allmass = 0.2
#        coeffs = { 2.5 }
#        pt0 = { userdata: 0x1df43d8 }
#        qt = userdata: 0x1daf2a8
#        qt2 = userdata: 0x1daf138
#        1 = { 1, 0.16 }
#      }
#    }
#    GR = {
#      coeffs = { -2 }
#      pt0 = { userdata: 0x1e0edc8 }
#      1 = {
#        allfaceven = 0.4
#        allfacodd = -1
#        allmass = -0.2
#        qt = userdata: 0x1e0edc8
#        qt2 = userdata: 0x1dfd648
#        resid = 1e-08
#        solveopts = {
#          mixed_rsq = 0
#          prec = 2
#          restart = 2000
#        }
#        1 = { 1 }
#      }
#    }
#    MD = {
#      cgnum = 10
#      coeffs = { 3.125 }
#      ff = {
#        a = {
#          GFflops = 0
#          GFmax = 0
#          GFn = 0
#          GFnorm2 = 0
#          GFtime = 0
#          GUn = 0
#          GUtime = 0
#          act0 = 2304
#          beta = 6
#          coeffs = {
#            adjplaq = -0.25
#            pgm = 0
#            plaq = 1
#            rect = 0
#          }
#          gf = {
#            a = <loop>
#            f = userdata: 0x1dc8f48
#          }
#          latsize = { 4, 4, 4, 8 }
#          params = {
#            adjFac = -0.25
#            type = plaquette_adjoint
#          }
#          vol = 512
#          xi0 = 1
#        }
#        f = userdata: 0x1de8458
#      }
#      ffprec = 2
#      masses = { 0.2 }
#      pt = { userdata: 0x1e13398 }
#      resid = 1e-07
#      solveopts = {
#        mixed_rsq = 0
#        prec = 2
#        restart = 2000
#        use_prev_soln = 1
#      }
#      1 = { 1, 0.16 }
#    }
#  }
#}
plaq ss: 1  st: 1  tot: 1
Sgq:             0  Sgp:            -8.0693  Sfq:          3062.8033
Sgq:          2326.1862  Sgp:         -2189.3657  Sfq:          2917.9891
Sold:          3054.7340  Snew:          3054.8097
Sgq:             0  Sgp:            -8.0693  Sfq:          3062.8033
Sold:          3054.7340 Srev:          3054.7340 dS:            0
ACCEPT deltaS = 0.07568  p = 0.92711  r = 0
#unitarity deviation avg: 1.07354e-15  max: 3.97424e-15
#new unitarity deviation avg: 1.20248e-16  max: 2.5256e-16
#traj 1 secs: 2.97932
#GF     secs:    0.265   9% calls:  202 mflops:  4539 rms: 0.0475 max: 0.1303
#GU     secs:    0.131   4% calls:  200
#LL     secs:    0.459  15% calls:   41 mflops:     0
#FF[01] secs:    1.850  62% calls:   42 mflops:    18 rms: 0.0610 max: 0.2575
#FF[02] secs:    0.000   0% calls:    0 mflops:     0 rms: 0.0000 max: 0.0000
#FF[03] secs:    0.000   0% calls:    0 mflops:     0 rms: 0.0000 max: 0.0000
#FF[04] secs:    0.000   0% calls:    0 mflops:     0 rms: 0.0000 max: 0.0000
#FFtot  secs:    1.850  62% calls:   42 mflops:    18
#CG[01] secs:    0.001   0% calls:    1 mflops:  5961 avgits:    19 max:    19
#CG[02] secs:    0.001   0% calls:    1 mflops:  8328 avgits:    19 max:    19
#CG[03] secs:    0.005   0% calls:    3 mflops: 10768 avgits:    53 max:   117
#CG[04] secs:    0.004   0% calls:    3 mflops: 10969 avgits:    53 max:   116
#CG[05] secs:    0.004   0% calls:    3 mflops: 10372 avgits:    39 max:    80
#CG[06] secs:    0.004   0% calls:    3 mflops: 10438 avgits:    40 max:    82
#CG[07] secs:    0.055   2% calls:   42 mflops: 11408 avgits:    49 max:    78
#CG[08] secs:    0.054   2% calls:   42 mflops: 11591 avgits:    48 max:    78
#CG[09] secs:    0.050   2% calls:   42 mflops: 11471 avgits:    44 max:    63
#CG[10] secs:    0.051   2% calls:   42 mflops: 11311 avgits:    44 max:    65
#CGtot  secs:    0.228   8% calls:  182 mflops: 11358 avgits:    46 max:   117
#other  secs:    0.046   2%
1,2,3,4  0.0610192    0.257529    
MEASplaq ss: 0.780923  st: 0.775516  tot: 0.77822 
MEASploop: spatial: 0.382067 0.00276265 temporal: 0.178702 0.022603
MEASpbp mass 0.01 : 0.041271
#COULGAUGE: iter = 2, tgfold = 0.714466, tgfnew = 0.788878, tgf_s = 0.788878, tgf_t = 0.000000
#COULGAUGE: iter = 7, tgfold = 0.900609, tgfnew = 0.909274, tgf_s = 0.909274, tgf_t = 0.000000
#COULGAUGE: iter = 13, tgfold = 0.923444, tgfnew = 0.924120, tgf_s = 0.924120, tgf_t = 0.000000
#COULGAUGE: iter = 18, tgfold = 0.925173, tgfnew = 0.925256, tgf_s = 0.925256, tgf_t = 0.000000
#COULGAUGE: iter = 24, tgfold = 0.925397, tgfnew = 0.925404, tgf_s = 0.925404, tgf_t = 0.000000
#COULGAUGE: iter = 30, tgfold = 0.925416, tgfnew = 0.925417, tgf_s = 0.925417, tgf_t = 0.000000
#COULGAUGE: end: iter = 30, tgfold = 0.925417, tgf_s = 0.925417, tgf_t = 0.000000
Start wall source 1.0000 at t=2.0000
Start Color 1.0000
#even_src norm2: 0.5
#End Color.
Start Color 2.0000
#even_src norm2: 0.5
#End Color.
Start Color 3.0000
#even_src norm2: 0.5
#End Color.
#End wall source.
Source 2.0000
#Local Pions
	Pion5		Pion5_4
0	0.91324	-0.90108
1	1.6381	1.6356
2	0.45012	-0.44575
3	1.4019	1.4005
4	0.46203	-0.46053
5	1.5754	1.5735
6	0.4949	-0.49084
7	1.7005	1.6965
Local Baryon
	Nucleon
0	5.0827e-06
1	0.019949
2	1.0953e-06
3	0.012612
4	8.0175e-08
5	0.014904
6	-6.6313e-07
7	0.015466

Nonlocal Pions + Check
	Pion5	Pion5_4	Pion_i5	Pion_ij
0	3.5818	-1.7667	2.9744	-2.9298
1	6.6742	3.332	6.2653	6.258
2	1.8414	-0.91176	1.4168	-1.4013
3	5.6045	2.7993	5.2572	5.253
4	1.8204	-0.90699	1.3883	-1.3838
5	6.2862	3.1392	5.7854	5.7803
6	1.9956	-0.98945	1.589	-1.5749
7	6.5507	3.2674	6.0301	6.0177
Nonlocal Baryons
	Nucleon	Delta
0	0.00051151	-0.0089589
1	0.020078	0.73129
2	-8.222e-05	0.0058722
3	0.012853	0.52856
4	-0.00066365	0.0017962
5	0.015077	0.50325
6	-0.00018884	-0.011914
7	0.0157	0.55972
MEASplaq_ss 0.944223821
MEASplaq_t even 0.942636714 odd 0.940884267
MEASplaq_x even 0.942705996 odd 0.945266478
MEASplaq_y even 0.940451051 odd 0.94327999
MEASplaq_z even 0.943193124 odd 0.945519627
MEASplaq_a even 0.941675545 odd 0.941233639
MEASpbp_all m 0.01 even 0.0061803 0 odd 0.006699 0
MEASpbp_1 m 0.01 even 0.24873 -0.018396 odd 0.20484 0.017624
MEASpbp_t m 0.01 even 0.34548 -0.023236 odd 0.10808 0.022463
MEASpbp_x m 0.01 even 0.27487 0.027466 odd 0.23793 -0.0057082
MEASpbp_y m 0.01 even 0.25137 0.037032 odd 0.23296 -0.059043
MEASpbp_z m 0.01 even 0.23913 -0.073002 odd 0.2242 0.057611
MEASpbp_all m 0.02 even 0.012401 0 odd 0.012329 0
MEASpbp_1 m 0.02 even 0.22397 -0.030391 odd 0.25196 0.020392
MEASpbp_t m 0.02 even 0.32599 -0.01668 odd 0.14994 0.0066811
MEASpbp_x m 0.02 even 0.279 0.026732 odd 0.31265 0.0014623
MEASpbp_y m 0.02 even 0.24667 0.016798 odd 0.24447 -0.036658
MEASpbp_z m 0.02 even 0.25512 -0.01419 odd 0.24737 -0.014298
#measurement time: 0.213643 seconds
#trajectory time: 3.19309 seconds
#total time: 3.1931 seconds
Sgq:          2326.1862  Sgp:            -2.4588  Sfq:          3024.3470
Sgq:          3766.4134  Sgp:         -1314.3600  Sfq:          2896.1639
Sold:          5348.0744  Snew:          5348.2173
Sgq:          2326.1862  Sgp:            -2.4588  Sfq:          3024.3470
Sold:          5348.0744 Srev:          5348.0744 dS:             0
ACCEPT deltaS = 0.14289  p = 0.86685  r = 0.38703
#unitarity deviation avg: 1.0612e-15  max: 3.49025e-15
#new unitarity deviation avg: 1.20421e-16  max: 2.6969e-16
#traj 1 secs: 3.03372
#GF     secs:    0.263   9% calls:  202 mflops:  4586 rms: 0.0533 max: 0.1283
#GU     secs:    0.131   4% calls:  200
#LL     secs:    0.447  15% calls:   40 mflops:     0
#FF[01] secs:    1.838  61% calls:   42 mflops:    19 rms: 0.0663 max: 0.2284
#FF[02] secs:    0.000   0% calls:    0 mflops:     0 rms: 0.0000 max: 0.0000
#FF[03] secs:    0.000   0% calls:    0 mflops:     0 rms: 0.0000 max: 0.0000
#FF[04] secs:    0.000   0% calls:    0 mflops:     0 rms: 0.0000 max: 0.0000
#FFtot  secs:    1.838  61% calls:   42 mflops:    19
#CG[01] secs:    0.002   0% calls:    1 mflops: 11485 avgits:    75 max:    75
#CG[02] secs:    0.002   0% calls:    1 mflops: 11560 avgits:    75 max:    75
#CG[03] secs:    0.009   0% calls:    3 mflops: 12053 avgits:   116 max:   117
#CG[04] secs:    0.009   0% calls:    3 mflops: 12123 avgits:   116 max:   117
#CG[05] secs:    0.007   0% calls:    3 mflops: 11728 avgits:    82 max:    83
#CG[06] secs:    0.007   0% calls:    3 mflops: 11730 avgits:    83 max:    83
#CG[07] secs:    0.075   2% calls:   42 mflops: 11976 avgits:    69 max:    78
#CG[08] secs:    0.074   2% calls:   42 mflops: 12063 avgits:    68 max:    80
#CG[09] secs:    0.063   2% calls:   42 mflops: 11845 avgits:    57 max:    66
#CG[10] secs:    0.064   2% calls:   42 mflops: 11741 avgits:    58 max:    65
#CGtot  secs:    0.311  10% calls:  182 mflops: 11912 avgits:    66 max:   117
#other  secs:    0.045   1%
1,2,3,4  0.0663206    0.2284      
MEASplaq ss: 0.659142  st: 0.66355   tot: 0.661346
MEASploop: spatial: 0.234847 0.00957087 temporal: 0.171448 0.0252158
MEASpbp mass 0.01 : 0.031332
#COULGAUGE: iter = 3, tgfold = 0.737915, tgfnew = 0.790361, tgf_s = 0.790361, tgf_t = 0.000000
#COULGAUGE: iter = 8, tgfold = 0.869437, tgfnew = 0.875401, tgf_s = 0.875401, tgf_t = 0.000000
#COULGAUGE: iter = 13, tgfold = 0.884481, tgfnew = 0.885170, tgf_s = 0.885170, tgf_t = 0.000000
#COULGAUGE: iter = 18, tgfold = 0.886241, tgfnew = 0.886325, tgf_s = 0.886325, tgf_t = 0.000000
#COULGAUGE: iter = 24, tgfold = 0.886466, tgfnew = 0.886473, tgf_s = 0.886473, tgf_t = 0.000000
#COULGAUGE: iter = 30, tgfold = 0.886485, tgfnew = 0.886486, tgf_s = 0.886486, tgf_t = 0.000000
#COULGAUGE: end: iter = 30, tgfold = 0.886486, tgf_s = 0.886486, tgf_t = 0.000000
Start wall source 1.0000 at t=2.0000
Start Color 1.0000
#even_src norm2: 0.5
#End Color.
Start Color 2.0000
#even_src norm2: 0.5
#End Color.
Start Color 3.0000
#even_src norm2: 0.5
#End Color.
#End wall source.
Source 2.0000
#Local Pions
	Pion5		Pion5_4
0	1.5135	-1.4978
1	1.5694	1.5634
2	0.48257	-0.47784
3	0.94188	0.93997
4	0.45117	-0.4489
5	1.1049	1.1025
6	0.64334	-0.63854
7	1.4437	1.4383
Local Baryon
	Nucleon
0	2.9665e-06
1	0.0096777
2	2.844e-07
3	0.0036438
4	1.511e-08
5	0.0051787
6	-4.1535e-07
7	0.0078865

Nonlocal Pions + Check
	Pion5	Pion5_4	Pion_i5	Pion_ij
0	5.8539	-2.8997	4.844	-4.7976
1	5.8309	2.9054	5.0364	5.0217
2	1.8043	-0.894	1.2725	-1.2601
3	3.605	1.7994	3.2064	3.2024
4	1.7613	-0.877	1.3359	-1.3321
5	4.1901	2.0912	3.7483	3.7436
6	2.3591	-1.1713	1.8868	-1.874
7	5.5796	2.7805	4.9365	4.9232
Nonlocal Baryons
	Nucleon	Delta
0	0.00056401	0.047002
1	0.0095454	0.40054
2	-0.00010029	0.015468
3	0.0036057	0.15719
4	-0.00015379	0.0016008
5	0.0051123	0.18107
6	-0.0010181	-0.0071164
7	0.0078367	0.3757
MEASplaq_ss 0.914520317
MEASplaq_t even 0.915356374 odd 0.920660691
MEASplaq_x even 0.916318991 odd 0.917338422
MEASplaq_y even 0.911428996 odd 0.916356968
MEASplaq_z even 0.913615866 odd 0.91903909
MEASplaq_a even 0.920513873 odd 0.912006006
MEASpbp_all m 0.01 even 0.0071222 0 odd 0.0056152 0
MEASpbp_1 m 0.01 even 0.2309 0.040128 odd 0.20854 0.013448
MEASpbp_t m 0.01 even 0.28812 -0.005224 odd 0.15132 0.0588
MEASpbp_x m 0.01 even 0.23195 0.01062 odd 0.26538 0.035591
MEASpbp_y m 0.01 even 0.22688 0.035071 odd 0.28461 -0.036434
MEASpbp_z m 0.01 even 0.2352 0.017649 odd 0.1956 -0.037678
MEASpbp_all m 0.02 even 0.011138 0 odd 0.013242 0
MEASpbp_1 m 0.02 even 0.21076 0.035056 odd 0.18368 -0.016143
MEASpbp_t m 0.02 even 0.26451 -0.014286 odd 0.12993 0.033199
MEASpbp_x m 0.02 even 0.19048 -0.017957 odd 0.23763 -0.0061709
MEASpbp_y m 0.02 even 0.23163 -0.008925 odd 0.24146 -0.015007
MEASpbp_z m 0.02 even 0.23032 0.037837 odd 0.22162 -0.036555
#measurement time: 0.211702 seconds
#trajectory time: 3.24552 seconds
#total time: 3.24554 seconds
