#runtest: using temp file wilson2fHMC.raw
##loading: /home/osborn/lqcd/install/qhmc-git/hmc/Init.lua
##runtest: using temp file wilson2fHMC.tmp
##loading: /home/osborn/lqcd/install/qhmc-git/hmc/wilson2f.lua
##loading: /home/osborn/lqcd/install/qhmc-git/hmc/common.lua
##loading: /home/osborn/lqcd/install/qhmc-git/hmc/run.lua
##loading: /home/osborn/lqcd/install/qhmc-git/hmc/gaugeact.lua
##loading: /home/osborn/lqcd/install/qhmc-git/hmc/asqtadact.lua
##loading: /home/osborn/lqcd/install/qhmc-git/hmc/smear.lua
##loading: /home/osborn/lqcd/install/qhmc-git/hmc/staggeredObservables.lua
##loading: /home/osborn/lqcd/install/qhmc-git/hmc/hisqact.lua
##loading: /home/osborn/lqcd/install/qhmc-git/hmc/wilsonact.lua
##loading: /home/osborn/lqcd/install/qhmc-git/hmc/wilson2fact.lua
##loading: /home/osborn/lqcd/install/qhmc-git/hmc/cgms2.lua
##loading: /home/osborn/lqcd/install/qhmc-git/hmc/fields.lua
##loading: /home/osborn/lqcd/install/qhmc-git/hmc/hmc.lua
##loading: /home/osborn/lqcd/install/qhmc-git/hmc/ratfunsqrt.lua
#blocksize: 65536  old: 256
#latsize = 4 4 4 8
#seed = 3190
#beta = 5.7
#u0 = 1
#nf = 2
#ndim = 4
#numsites = 512
#len = 4 4 4 8
#nsquares = 1 1 1 1
#gauge coeffs: {
#  adjplaq = 0
#  pgm = 0
#  plaq = 1
#  rect = 0
#}
#setting unit lattice
plaq ss: 1  st: 1  tot: 1
Sgq:             0.000000  Sgp:            -8.069289  Sfq:         12275.218829
Sgq:           859.940714  Sgp:          -874.976604  Sfq:         12282.218470
Sold:         12267.149539  Snew:         12267.182581
ACCEPT deltaS = 0.0330416  p = 0.967498  r = 0
#unitarity deviation avg: 7.99375e-16  max: 2.38407e-15
#new unitarity deviation avg: 9.85896e-17  max: 2.38266e-16
#traj 1 secs: 1.59704
#GF     secs:    0.044   3% calls:   41 mflops:  4264 rms: 0.0055 max: 0.0217
#GU     secs:    0.026   2% calls:   40
#LL     secs:    0.002   0% calls:    5 mflops:     0
#FF[01] secs:    0.030   2% calls:    5 mflops:  1469 rms: 0.0347 max: 0.1102
#FFtot  secs:    0.030   2% calls:    5 mflops:  1469
#CG[01] secs:    0.238  15% calls:    1 mflops:     0 avgits:    58 max:    58
#CG[02] secs:    0.555  35% calls:    2 mflops:     0 avgits:    92 max:   126
#CG[03] secs:    0.658  41% calls:    5 mflops:     0 avgits:    75 max:    89
#CGtot  secs:    1.451  91% calls:    8 mflops:     0 avgits:    77 max:   126
#other  secs:    0.044   3%
1  0.034695     0.110223    
MEASplaq ss: 0.951121  st: 0.950658  tot: 0.95089 
MEASploop: spatial: 0.950667 -0.000224953 temporal: 0.898435 0.000862262
MEASpbp mass 0.1 : 0.473755
#measurement time: 0.038353 seconds
#trajectory time: 1.63546 seconds
#total time: 1.63546 seconds
Sgq:           859.940714  Sgp:            15.309319  Sfq:         12178.172028
Sgq:          1569.252385  Sgp:          -697.642912  Sfq:         12181.838933
Sold:         13053.422061  Snew:         13053.448406
ACCEPT deltaS = 0.0263442  p = 0.974  r = 0.387032
#unitarity deviation avg: 8.03943e-16  max: 2.40386e-15
#new unitarity deviation avg: 1.01778e-16  max: 2.33259e-16
#traj 1 secs: 2.06743
#GF     secs:    0.044   2% calls:   41 mflops:  4252 rms: 0.0104 max: 0.0251
#GU     secs:    0.026   1% calls:   40
#LL     secs:    0.001   0% calls:    4 mflops:     0
#FF[01] secs:    0.030   1% calls:    5 mflops:  1474 rms: 0.0341 max: 0.0953
#FFtot  secs:    0.030   1% calls:    5 mflops:  1474
#CG[01] secs:    0.415  20% calls:    1 mflops:     0 avgits:   138 max:   138
#CG[02] secs:    0.672  32% calls:    2 mflops:     0 avgits:   126 max:   127
#CG[03] secs:    0.835  40% calls:    5 mflops:     0 avgits:    96 max:   101
#CGtot  secs:    1.922  93% calls:    8 mflops:     0 avgits:   109 max:   138
#other  secs:    0.044   2%
1  0.0341191    0.095326    
MEASplaq ss: 0.911035  st: 0.909728  tot: 0.910382
MEASploop: spatial: 0.905875 -0.000465764 temporal: 0.813693 -0.000609673
MEASpbp mass 0.1 : 0.474885
#measurement time: 0.0393751 seconds
#trajectory time: 2.10686 seconds
#total time: 2.10687 seconds
